// Jest Snapshot v1, https://goo.gl/fbAQLP

exports[`List component matches snapshot 1`] = `
<DocumentFragment>
  <div
    class="row justify-content-center"
  >
    <ul
      class="list-group col-11 col-sm-10 col-md-7 col-lg-5"
      id="todoList"
    >
      <li
        class="input-group mb-3"
        data-testid="listItem"
        id="1"
      >
        <div
          class="custom-control custom-checkbox"
        >
          <input
            class="custom-control-input"
            data-testid="checkbox"
            id="customCheck_1"
            type="checkbox"
          />
          <label
            class="custom-control-label"
            for="customCheck_1"
          >
             
          </label>
        </div>
        <input
          class="form-control "
          data-testid="taskInput"
          readonly=""
          type="text"
          value="to learn Jest"
        />
        <div
          class="input-group-append"
        >
          <button
            class="btn btn-danger input-group-text"
            data-testid="deleteBtn"
          >
            X
          </button>
        </div>
      </li>
      <li
        class="input-group mb-3"
        data-testid="listItem"
        id="2"
      >
        <div
          class="custom-control custom-checkbox"
        >
          <input
            checked=""
            class="custom-control-input"
            data-testid="checkbox"
            id="customCheck_2"
            type="checkbox"
          />
          <label
            class="custom-control-label"
            for="customCheck_2"
          >
             
          </label>
        </div>
        <input
          class="form-control completed"
          data-testid="taskInput"
          readonly=""
          type="text"
          value="to commit changes"
        />
        <div
          class="input-group-append"
        >
          <button
            class="btn btn-danger input-group-text"
            data-testid="deleteBtn"
          >
            X
          </button>
        </div>
      </li>
    </ul>
  </div>
</DocumentFragment>
`;
